// Jest Snapshot v1, https://goo.gl/fbAQLP

exports[`<AttendanceForm /> Must render component correctly 1`] = `
<form novalidate="novalidate" class="v-form">
  <div class="row">
    <div class="col">
      <div class="text-h4 grey--text text--darken-3 font-weight-regular">Atendimento</div>
    </div>
  </div>
  <div class="row">
    <div class="col-sm-12 col-md-6 col-12">
      <div class="v-input theme--light v-text-field">
        <div class="v-input__control">
          <div class="v-input__slot">
            <div class="v-text-field__slot"><label for="customer-name" class="v-label theme--light" style="left: 0px; position: absolute;">Nome do Cliente</label><input id="customer-name" type="text"></div>
          </div>
          <div class="v-text-field__details">
            <div class="v-messages theme--light">
              <transition-group-stub tag="div" name="message-transition" class="v-messages__wrapper"></transition-group-stub>
            </div>
          </div>
        </div>
      </div>
    </div>
    <div class="col-sm-12 col-md-6 col-12">
      <div class="v-input theme--light v-text-field">
        <div class="v-input__control">
          <div class="v-input__slot">
            <div class="v-text-field__slot"><label for="document-id" class="v-label theme--light" style="left: 0px; position: absolute;">CPF</label><input id="document-id" type="text"></div>
          </div>
          <div class="v-text-field__details">
            <div class="v-messages theme--light">
              <transition-group-stub tag="div" name="message-transition" class="v-messages__wrapper"></transition-group-stub>
            </div>
          </div>
        </div>
      </div>
    </div>
    <div class="col-sm-12 col-md-6 col-12">
      <div class="v-input theme--light v-text-field v-file-input">
        <div class="v-input__prepend-outer">
          <div class="v-input__icon v-input__icon--prepend"><button type="button" aria-label="prepend icon" class="v-icon notranslate v-icon--link mdi mdi-paperclip theme--light"></button></div>
        </div>
        <div class="v-input__control">
          <div class="v-input__slot">
            <div class="v-text-field__slot"><label for="files" class="v-label theme--light" style="left: 0px; position: absolute;">Anexos</label>
              <div class="v-file-input__text v-file-input__text--chips"></div><input multiple="multiple" id="files" type="file">
            </div>
            <div class="v-input__append-inner">
              <div class="v-input__icon v-input__icon--clear"><button disabled="disabled" type="button" aria-label="clear icon" class="v-icon notranslate v-icon--disabled v-icon--link mdi mdi-close theme--light"></button></div>
            </div>
          </div>
          <div class="v-text-field__details">
            <div class="v-messages theme--light">
              <transition-group-stub tag="div" name="message-transition" class="v-messages__wrapper"></transition-group-stub>
            </div>
          </div>
        </div>
      </div>
    </div>
  </div>
  <div class="row">
    <div class="col col-12">
      <div class="v-input v-textarea theme--light v-text-field">
        <div class="v-input__control">
          <div class="v-input__slot">
            <div class="v-text-field__slot"><label for="input-22" class="v-label theme--light" style="left: 0px; position: absolute;">Relatório</label><textarea id="input-22" rows="10"></textarea></div>
          </div>
          <div class="v-text-field__details">
            <div class="v-messages theme--light">
              <transition-group-stub tag="div" name="message-transition" class="v-messages__wrapper"></transition-group-stub>
            </div>
          </div>
        </div>
      </div>
    </div>
  </div>
  <div class="row">
    <div class="text-right col"><button type="button" class="v-btn v-btn--is-elevated v-btn--has-bg v-btn--right theme--light v-size--default success" id="submit"><span class="v-btn__content"><div role="progressbar" aria-valuemin="0" aria-valuemax="100" class="v-progress-circular v-progress-circular--indeterminate green--text" style="height: 18px; width: 18px; display: none;"><svg xmlns="http://www.w3.org/2000/svg" viewBox="25.714285714285715 25.714285714285715 51.42857142857143 51.42857142857143" style="transform: rotate(0deg);"><circle fill="transparent" cx="51.42857142857143" cy="51.42857142857143" r="20" stroke-width="11.428571428571429" stroke-dasharray="125.664" stroke-dashoffset="125.66370614359172px" class="v-progress-circular__overlay"></circle></svg><div class="v-progress-circular__info"></div></div> <span>Cadastrar</span></span></button></div>
  </div>
</form>
`;
